{"2025-01-01 00:00:00": 804, "2025-01-01 01:00:00": 797, "2025-01-01 02:00:00": 811, "2025-01-01 03:00:00": 834, "2025-01-01 04:00:00": 830, "2025-01-01 05:00:00": 790, "2025-01-01 06:00:00": 807, "2025-01-01 07:00:00": 781, "2025-01-01 08:00:00": 812, "2025-01-01 09:00:00": 806, "2025-01-01 10:00:00": 818, "2025-01-01 11:00:00": 789, "2025-01-01 12:00:00": 795, "2025-01-01 13:00:00": 775, "2025-01-01 14:00:00": 776, "2025-01-01 15:00:00": 800, "2025-01-01 16:00:00": 819, "2025-01-01 17:00:00": 792, "2025-01-01 18:00:00": 810, "2025-01-01 19:00:00": 796, "2025-01-01 20:00:00": 795, "2025-01-01 21:00:00": 788, "2025-01-01 22:00:00": 772, "2025-01-01 23:00:00": 795, "2025-01-02 00:00:00": 795, "2025-01-02 01:00:00": 794, "2025-01-02 02:00:00": 796, "2025-01-02 03:00:00": 814, "2025-01-02 04:00:00": 762, "2025-01-02 05:00:00": 806, "2025-01-02 06:00:00": 805, "2025-01-02 07:00:00": 782, "2025-01-02 08:00:00": 817, "2025-01-02 09:00:00": 811, "2025-01-02 10:00:00": 808, "2025-01-02 11:00:00": 781, "2025-01-02 12:00:00": 815, "2025-01-02 13:00:00": 809, "2025-01-02 14:00:00": 796, "2025-01-02 15:00:00": 797, "2025-01-02 16:00:00": 786, "2025-01-02 17:00:00": 791, "2025-01-02 18:00:00": 748, "2025-01-02 19:00:00": 756, "2025-01-02 20:00:00": 821, "2025-01-02 21:00:00": 807, "2025-01-02 22:00:00": 804, "2025-01-02 23:00:00": 808, "2025-01-03 00:00:00": 788, "2025-01-03 01:00:00": 835, "2025-01-03 02:00:00": 794, "2025-01-03 03:00:00": 790, "2025-01-03 04:00:00": 806, "2025-01-03 05:00:00": 783, "2025-01-03 06:00:00": 799, "2025-01-03 07:00:00": 800, "2025-01-03 08:00:00": 865, "2025-01-03 09:00:00": 825, "2025-01-03 10:00:00": 819, "2025-01-03 11:00:00": 788, "2025-01-03 12:00:00": 807, "2025-01-03 13:00:00": 771, "2025-01-03 14:00:00": 779, "2025-01-03 15:00:00": 787, "2025-01-03 16:00:00": 796, "2025-01-03 17:00:00": 791, "2025-01-03 18:00:00": 785, "2025-01-03 19:00:00": 790, "2025-01-03 20:00:00": 761, "2025-01-03 21:00:00": 770, "2025-01-03 22:00:00": 780, "2025-01-03 23:00:00": 817, "2025-01-04 00:00:00": 814, "2025-01-04 01:00:00": 827, "2025-01-04 02:00:00": 758, "2025-01-04 03:00:00": 746, "2025-01-04 04:00:00": 795, "2025-01-04 05:00:00": 754, "2025-01-04 06:00:00": 798, "2025-01-04 07:00:00": 782, "2025-01-04 08:00:00": 801, "2025-01-04 09:00:00": 790, "2025-01-04 10:00:00": 786, "2025-01-04 11:00:00": 791, "2025-01-04 12:00:00": 801, "2025-01-04 13:00:00": 830, "2025-01-04 14:00:00": 828, "2025-01-04 15:00:00": 803, "2025-01-04 16:00:00": 801, "2025-01-04 17:00:00": 810, "2025-01-04 18:00:00": 804, "2025-01-04 19:00:00": 826, "2025-01-04 20:00:00": 783, "2025-01-04 21:00:00": 821, "2025-01-04 22:00:00": 772, "2025-01-04 23:00:00": 827, "2025-01-05 00:00:00": 797, "2025-01-05 01:00:00": 799, "2025-01-05 02:00:00": 780, "2025-01-05 03:00:00": 793, "2025-01-05 04:00:00": 823, "2025-01-05 05:00:00": 792, "2025-01-05 06:00:00": 801, "2025-01-05 07:00:00": 815, "2025-01-05 08:00:00": 802, "2025-01-05 09:00:00": 763, "2025-01-05 10:00:00": 789, "2025-01-05 11:00:00": 803, "2025-01-05 12:00:00": 803, "2025-01-05 13:00:00": 831, "2025-01-05 14:00:00": 823, "2025-01-05 15:00:00": 812, "2025-01-05 16:00:00": 781, "2025-01-05 17:00:00": 793, "2025-01-05 18:00:00": 814, "2025-01-05 19:00:00": 788, "2025-01-05 20:00:00": 833, "2025-01-05 21:00:00": 778, "2025-01-05 22:00:00": 783, "2025-01-05 23:00:00": 782}